[gull-laravel.ui-lib.com/index.html]
[backblue.gif]
[fade.gif]
[index.html]
[gull-laravel.ui-lib.com/assets/styles/vendor/perfect-scrollbar.css]
[gull-laravel.ui-lib.com/assets/images/logo.png]
[gull-laravel.ui-lib.com/assets/styles/css/themes/lite-purple.min.css]
[gull-laravel.ui-lib.com/accordion.html]
[gull-laravel.ui-lib.com/alerts.html]
[gull-laravel.ui-lib.com/buttons.html]
[gull-laravel.ui-lib.com/badges.html]
[gull-laravel.ui-lib.com/carousel.html]
[gull-laravel.ui-lib.com/lists.html]
[gull-laravel.ui-lib.com/popover.html]
[gull-laravel.ui-lib.com/tables.html]
[gull-laravel.ui-lib.com/datatables.html]
[gull-laravel.ui-lib.com/modals.html]
[gull-laravel.ui-lib.com/nouislider.html]
[gull-laravel.ui-lib.com/tabs.html]
[gull-laravel.ui-lib.com/assets/images/faces/1.jpg]
[gull-laravel.ui-lib.com/sessions/signIn.html]
[gull-laravel.ui-lib.com/test.html]
[gull-laravel.ui-lib.com/datatables/basic-tables.html]
[gull-laravel.ui-lib.com/dashboard/dashboard1.html]
[gull-laravel.ui-lib.com/dashboard/dashboard2.html]
[gull-laravel.ui-lib.com/dashboard/dashboard3.html]
[gull-laravel.ui-lib.com/dashboard/dashboard4.html]
[gull-laravel.ui-lib.com/forms/forms-basic.html]
[gull-laravel.ui-lib.com/forms/form-layouts.html]
[gull-laravel.ui-lib.com/forms/form-input-group.html]
[gull-laravel.ui-lib.com/forms/form-validation.html]
[gull-laravel.ui-lib.com/forms/smartWizard.html]
[gull-laravel.ui-lib.com/forms/tagInput.html]
[gull-laravel.ui-lib.com/forms/form-editor.html]
[gull-laravel.ui-lib.com/apps/inbox.html]
[gull-laravel.ui-lib.com/apps/chat.html]
[gull-laravel.ui-lib.com/extrakits/imageCroper.html]
[gull-laravel.ui-lib.com/extrakits/loader.html]
[gull-laravel.ui-lib.com/extrakits/laddaButton.html]
[gull-laravel.ui-lib.com/extrakits/toastr.html]
[gull-laravel.ui-lib.com/extrakits/sweetAlert.html]
[gull-laravel.ui-lib.com/extrakits/tour.html]
[gull-laravel.ui-lib.com/extrakits/upload.html]
[gull-laravel.ui-lib.com/uikits/alerts.html]
[gull-laravel.ui-lib.com/uikits/accordion.html]
[gull-laravel.ui-lib.com/uikits/badges.html]
[gull-laravel.ui-lib.com/uikits/buttons.html]
[gull-laravel.ui-lib.com/uikits/cards.html]
[gull-laravel.ui-lib.com/uikits/cards-metrics.html]
[gull-laravel.ui-lib.com/uikits/carousel.html]
[gull-laravel.ui-lib.com/uikits/lists.html]
[gull-laravel.ui-lib.com/uikits/pagination.html]
[gull-laravel.ui-lib.com/uikits/popover.html]
[gull-laravel.ui-lib.com/uikits/progressbar.html]
[gull-laravel.ui-lib.com/uikits/tables.html]
[gull-laravel.ui-lib.com/uikits/tabs.html]
[gull-laravel.ui-lib.com/uikits/tooltip.html]
[gull-laravel.ui-lib.com/uikits/modals.html]
[gull-laravel.ui-lib.com/uikits/NoUislider.html]
[gull-laravel.ui-lib.com/sessions/signUp.html]
[gull-laravel.ui-lib.com/sessions/forgot.html]
[gull-laravel.ui-lib.com/others/notFound.html]
[gull-laravel.ui-lib.com/others/user-profile.html]
[gull-laravel.ui-lib.com/assets/images/products/headphone-4.jpg]
[gull-laravel.ui-lib.com/others/starter.html]
[gull-laravel.ui-lib.com/assets/images/products/headphone-2.jpg]
[gull-laravel.ui-lib.com/assets/images/products/headphone-3.jpg]
[gull-laravel.ui-lib.com/assets/images/products/headphone-1.jpg]
[gull-laravel.ui-lib.com/assets/js/es5/echart.options.min.js]
[gull-laravel.ui-lib.com/assets/js/es5/dashboard.v1.script.js]
[gull-laravel.ui-lib.com/index.html]
[gull-laravel.ui-lib.com/assets/js/es5/script.min.js]
[gull-laravel.ui-lib.com/fonts/iconsminddaa4.eot]
[gull-laravel.ui-lib.com/fonts/iconsmindf715.ttf]
[gull-laravel.ui-lib.com/assets/js/common-bundle-script.js]
[gull-laravel.ui-lib.com/fonts/iconsmind1fcf.woff]
[gull-laravel.ui-lib.com/assets/js/vendor/echarts.min.js]
[gull-laravel.ui-lib.com/images/page-bg-bottom3f8f.png]
[gull-laravel.ui-lib.com/assets/styles/css/themes/lite-purple.min.css]
[gull-laravel.ui-lib.com/assets/styles/vendor/perfect-scrollbar.css]
[gull-laravel.ui-lib.com/accordion.html]
[gull-laravel.ui-lib.com/alerts.html]
[gull-laravel.ui-lib.com/buttons.html]
[gull-laravel.ui-lib.com/badges.html]
[gull-laravel.ui-lib.com/carousel.html]
[gull-laravel.ui-lib.com/lists.html]
[gull-laravel.ui-lib.com/popover.html]
[gull-laravel.ui-lib.com/tables.html]
[gull-laravel.ui-lib.com/datatables.html]
[gull-laravel.ui-lib.com/modals.html]
[gull-laravel.ui-lib.com/nouislider.html]
[gull-laravel.ui-lib.com/tabs.html]
[gull-laravel.ui-lib.com/assets/images/photo-wide-4.jpg]
[gull-laravel.ui-lib.com/sessions/forgot.4c.delayed]
[gull-laravel.ui-lib.com/sessions/signup-2.html]
[gull-laravel.ui-lib.com/sessions/signIn.html]
[gull-laravel.ui-lib.com/assets/js/script.js]
[gull-laravel.ui-lib.com/assets/styles/vendor/datatables.min.css]
[gull-laravel.ui-lib.com/datatables/accordion.html]
[gull-laravel.ui-lib.com/datatables/alerts.html]
[gull-laravel.ui-lib.com/datatables/buttons.html]
[gull-laravel.ui-lib.com/datatables/badges.html]
[gull-laravel.ui-lib.com/datatables/carousel.html]
[gull-laravel.ui-lib.com/datatables/lists.html]
[gull-laravel.ui-lib.com/datatables/popover.html]
[gull-laravel.ui-lib.com/datatables/tables.html]
[gull-laravel.ui-lib.com/datatables/datatables.html]
[gull-laravel.ui-lib.com/datatables/modals.html]
[gull-laravel.ui-lib.com/datatables/nouislider.html]
[gull-laravel.ui-lib.com/datatables/tabs.html]
[gull-laravel.ui-lib.com/datatables/basic-tables.html]
[gull-laravel.ui-lib.com/test.html]
[gull-laravel.ui-lib.com/assets/js/datatables.script.js]
[gull-laravel.ui-lib.com/dashboard/accordion.5e.delayed]
[gull-laravel.ui-lib.com/dashboard/alerts.html]
[gull-laravel.ui-lib.com/dashboard/buttons.html]
[gull-laravel.ui-lib.com/dashboard/badges.html]
[gull-laravel.ui-lib.com/dashboard/carousel.html]
[gull-laravel.ui-lib.com/dashboard/lists.html]
[gull-laravel.ui-lib.com/dashboard/popover.html]
[gull-laravel.ui-lib.com/dashboard/tables.html]
[gull-laravel.ui-lib.com/dashboard/datatables.html]
[gull-laravel.ui-lib.com/dashboard/modals.html]
[gull-laravel.ui-lib.com/dashboard/nouislider.html]
[gull-laravel.ui-lib.com/dashboard/tabs.html]
[gull-laravel.ui-lib.com/dashboard/dashboard1.html]
[gull-laravel.ui-lib.com/assets/images/faces/2.jpg]
[gull-laravel.ui-lib.com/assets/images/faces/3.jpg]
[gull-laravel.ui-lib.com/assets/images/faces/4.jpg]
[gull-laravel.ui-lib.com/dashboard/dashboard2.html]
[gull-laravel.ui-lib.com/assets/js/es5/dashboard.v2.script.js]
[gull-laravel.ui-lib.com/assets/images/faces/16.jpg]
[gull-laravel.ui-lib.com/assets/images/photo-wide-1.jpg]
[gull-laravel.ui-lib.com/assets/images/photo-wide-2.jpg]
[gull-laravel.ui-lib.com/assets/images/photo-long-1.jpg]
[gull-laravel.ui-lib.com/assets/images/photo-long-2.jpg]
[gull-laravel.ui-lib.com/assets/js/es5/dashboard.v3.script.js]
[gull-laravel.ui-lib.com/dashboard/dashboard3.html]
[gull-laravel.ui-lib.com/assets/js/es5/dashboard.v4.script.js]
[gull-laravel.ui-lib.com/dashboard/dashboard4.html]
[gull-laravel.ui-lib.com/forms/accordion.html]
[gull-laravel.ui-lib.com/forms/alerts.html]
[gull-laravel.ui-lib.com/forms/buttons.html]
[gull-laravel.ui-lib.com/forms/badges.html]
[gull-laravel.ui-lib.com/forms/carousel.html]
[gull-laravel.ui-lib.com/forms/lists.html]
[gull-laravel.ui-lib.com/forms/popover.html]
[gull-laravel.ui-lib.com/forms/tables.html]
[gull-laravel.ui-lib.com/forms/datatables.html]
[gull-laravel.ui-lib.com/forms/modals.html]
[gull-laravel.ui-lib.com/forms/nouislider.html]
[gull-laravel.ui-lib.com/forms/tabs.html]
[gull-laravel.ui-lib.com/forms/forms-basic.html]
[gull-laravel.ui-lib.com/forms/form-layouts.html]
[gull-laravel.ui-lib.com/forms/form-input-group.html]
[gull-laravel.ui-lib.com/forms/form-validation.html]
[gull-laravel.ui-lib.com/assets/js/form.validation.script.js]
[gull-laravel.ui-lib.com/assets/styles/vendor/smart.wizard/smart_wizard.min.css]
[gull-laravel.ui-lib.com/assets/styles/vendor/smart.wizard/smart_wizard_theme_arrows.min.css]
[gull-laravel.ui-lib.com/assets/styles/vendor/smart.wizard/smart_wizard_theme_circles.min.css]
[gull-laravel.ui-lib.com/assets/styles/vendor/smart.wizard/smart_wizard_theme_dots.min.css]
[gull-laravel.ui-lib.com/forms/smartWizard.html]
[gull-laravel.ui-lib.com/assets/js/smart.wizard.script.js]
[gull-laravel.ui-lib.com/assets/js/vendor/jquery.smartWizard.min.js]
[gull-laravel.ui-lib.com/assets/js/vendor/tagging.min.js]
[gull-laravel.ui-lib.com/forms/tagInput.html]
[gull-laravel.ui-lib.com/assets/js/tagging.script.js]
[gull-laravel.ui-lib.com/assets/styles/vendor/quill.bubble.css]
[gull-laravel.ui-lib.com/assets/styles/vendor/quill.snow.css]
[gull-laravel.ui-lib.com/forms/form-editor.html]
[gull-laravel.ui-lib.com/assets/js/quill.script.js]
[cdnjs.cloudflare.com/ajax/libs/highlight.js/9.12.0/highlight.min.js]
[gull-laravel.ui-lib.com/apps/invoice]
[gull-laravel.ui-lib.com/apps/accordion.8f.delayed]
[gull-laravel.ui-lib.com/apps/alerts.html]
[gull-laravel.ui-lib.com/apps/buttons.html]
[gull-laravel.ui-lib.com/apps/badges.html]
[gull-laravel.ui-lib.com/apps/carousel.html]
[gull-laravel.ui-lib.com/apps/lists.html]
[gull-laravel.ui-lib.com/apps/popover.html]
[gull-laravel.ui-lib.com/assets/js/vendor/quill.min.js]
[gull-laravel.ui-lib.com/apps/tables.html]
[gull-laravel.ui-lib.com/apps/datatables.html]
[gull-laravel.ui-lib.com/apps/modals.html]
[gull-laravel.ui-lib.com/apps/nouislider.html]
[gull-laravel.ui-lib.com/apps/tabs.html]
[gull-laravel.ui-lib.com/assets/images/faces/5.jpg]
[gull-laravel.ui-lib.com/assets/images/faces/9.jpg]
[gull-laravel.ui-lib.com/apps/inbox.html]
[gull-laravel.ui-lib.com/assets/js/sidebar.script.js]
[gull-laravel.ui-lib.com/assets/images/faces/13.jpg]
[gull-laravel.ui-lib.com/apps/chat.html]
[gull-laravel.ui-lib.com/assets/styles/vendor/cropper.min.css]
[gull-laravel.ui-lib.com/extrakits/accordion.html]
[gull-laravel.ui-lib.com/extrakits/alerts.html]
[gull-laravel.ui-lib.com/extrakits/buttons.html]
[gull-laravel.ui-lib.com/extrakits/badges.html]
[gull-laravel.ui-lib.com/extrakits/carousel.html]
[gull-laravel.ui-lib.com/extrakits/lists.html]
[gull-laravel.ui-lib.com/extrakits/popover.html]
[gull-laravel.ui-lib.com/extrakits/tables.html]
[gull-laravel.ui-lib.com/extrakits/datatables.html]
[gull-laravel.ui-lib.com/extrakits/modals.html]
[gull-laravel.ui-lib.com/extrakits/nouislider.html]
[gull-laravel.ui-lib.com/extrakits/tabs.html]
[gull-laravel.ui-lib.com/extrakits/imageCroper.html]
[gull-laravel.ui-lib.com/extrakits/loader.html]
[gull-laravel.ui-lib.com/assets/js/cropper.script.js]
[gull-laravel.ui-lib.com/assets/styles/vendor/ladda-themeless.min.css]
[gull-laravel.ui-lib.com/assets/js/vendor/cropper.min.js]
[gull-laravel.ui-lib.com/assets/js/vendor/spin.min.js]
[gull-laravel.ui-lib.com/assets/js/vendor/ladda.js]
[gull-laravel.ui-lib.com/extrakits/laddaButton.html]
[gull-laravel.ui-lib.com/assets/js/ladda.script.js]
[gull-laravel.ui-lib.com/assets/styles/vendor/toastr.css]
[gull-laravel.ui-lib.com/assets/js/vendor/toastr.min.js]
[gull-laravel.ui-lib.com/extrakits/toastr.html]
[gull-laravel.ui-lib.com/assets/js/toastr.script.js]
[gull-laravel.ui-lib.com/assets/styles/vendor/sweetalert2.min.css]
[gull-laravel.ui-lib.com/extrakits/sweetAlert.html]
[gull-laravel.ui-lib.com/assets/js/sweetalert.script.js]
[gull-laravel.ui-lib.com/assets/styles/vendor/hopscotch.css]
[gull-laravel.ui-lib.com/assets/js/vendor/sweetalert2.min.js]
[gull-laravel.ui-lib.com/extrakits/tour.html]
[gull-laravel.ui-lib.com/assets/js/hopscotch.script.js]
[gull-laravel.ui-lib.com/assets/styles/vendor/dropzone.min.css]
[gull-laravel.ui-lib.com/assets/js/vendor/hopscotch.min.js]
[gull-laravel.ui-lib.com/extrakits/upload.html]
[gull-laravel.ui-lib.com/assets/js/dropzone.script.js]
[gull-laravel.ui-lib.com/uikits/accordion-2.html]
[gull-laravel.ui-lib.com/uikits/alerts-2.html]
[gull-laravel.ui-lib.com/assets/js/vendor/dropzone.min.js]
[gull-laravel.ui-lib.com/uikits/buttons-2.html]
[gull-laravel.ui-lib.com/uikits/badges-2.html]
[gull-laravel.ui-lib.com/uikits/carousel-2.html]
[gull-laravel.ui-lib.com/uikits/lists-2.html]
[gull-laravel.ui-lib.com/uikits/popover-2.html]
[gull-laravel.ui-lib.com/assets/js/vendor/datatables.min.js]
[gull-laravel.ui-lib.com/uikits/tables-2.html]
[gull-laravel.ui-lib.com/uikits/datatables.html]
[gull-laravel.ui-lib.com/uikits/modals-2.html]
[gull-laravel.ui-lib.com/uikits/nouislider-2.html]
[gull-laravel.ui-lib.com/uikits/tabs-2.html]
[gull-laravel.ui-lib.com/uikits/alerts.html]
[gull-laravel.ui-lib.com/uikits/accordion.html]
[gull-laravel.ui-lib.com/uikits/badges.html]
[gull-laravel.ui-lib.com/uikits/buttons.html]
[gull-laravel.ui-lib.com/assets/images/photo-wide-3.jpg]
[gull-laravel.ui-lib.com/uikits/cards.html]
[gull-laravel.ui-lib.com/uikits/cards-metrics.html]
[gull-laravel.ui-lib.com/assets/js/es5/card.metrics.script.js]
[gull-laravel.ui-lib.com/assets/images/products/iphone-1.jpg]
[gull-laravel.ui-lib.com/uikits/carousel.html]
[gull-laravel.ui-lib.com/uikits/lists.html]
[gull-laravel.ui-lib.com/uikits/pagination.html]
[gull-laravel.ui-lib.com/uikits/popover.html]
[gull-laravel.ui-lib.com/uikits/progressbar.html]
[gull-laravel.ui-lib.com/uikits/tables.html]
[gull-laravel.ui-lib.com/uikits/tabs.html]
[gull-laravel.ui-lib.com/assets/js/carousel.script.js]
[gull-laravel.ui-lib.com/uikits/tooltip.html]
[gull-laravel.ui-lib.com/assets/js/tooltip.script.js]
[gull-laravel.ui-lib.com/uikits/modals.html]
[gull-laravel.ui-lib.com/assets/js/modal.script.js]
[gull-laravel.ui-lib.com/assets/styles/vendor/nuslider.min.css]
[gull-laravel.ui-lib.com/uikits/NoUislider.html]
[gull-laravel.ui-lib.com/assets/js/nuslider.script.js]
[gull-laravel.ui-lib.com/assets/js/vendor/nuslider.min.js]
[gull-laravel.ui-lib.com/assets/images/photo-long-3.jpg]
[gull-laravel.ui-lib.com/sessions/signin-2.html]
[gull-laravel.ui-lib.com/sessions/signUp.html]
[gull-laravel.ui-lib.com/sessions/forgot.html]
[gull-laravel.ui-lib.com/others/notFound.html]
[gull-laravel.ui-lib.com/others/accordion.html]
[gull-laravel.ui-lib.com/others/alerts.html]
[gull-laravel.ui-lib.com/others/buttons.html]
[gull-laravel.ui-lib.com/others/badges.html]
[gull-laravel.ui-lib.com/others/carousel.html]
[gull-laravel.ui-lib.com/others/lists.html]
[gull-laravel.ui-lib.com/others/popover.html]
[gull-laravel.ui-lib.com/others/tables.html]
[gull-laravel.ui-lib.com/others/datatables.html]
[gull-laravel.ui-lib.com/others/modals.html]
[gull-laravel.ui-lib.com/others/nouislider.html]
[gull-laravel.ui-lib.com/others/tabs.html]
[gull-laravel.ui-lib.com/assets/images/products/iphone-2.jpg]
[gull-laravel.ui-lib.com/assets/images/products/watch-1.jpg]
[gull-laravel.ui-lib.com/others/user-profile.html]
[gull-laravel.ui-lib.com/others/starter.html]
[gull-laravel.ui-lib.com/fonts/iconsmind1735.svg]
[gull-laravel.ui-lib.com/sessions/forgot-2.html]
[gull-laravel.ui-lib.com/sessions/signup-2.html]
[gull-laravel.ui-lib.com/assets/styles/vendor/datatables.min.css]
[gull-laravel.ui-lib.com/datatables/accordion.html]
[gull-laravel.ui-lib.com/datatables/alerts.html]
[gull-laravel.ui-lib.com/datatables/buttons.html]
[gull-laravel.ui-lib.com/datatables/badges.html]
[gull-laravel.ui-lib.com/datatables/carousel.html]
[gull-laravel.ui-lib.com/datatables/lists.html]
[gull-laravel.ui-lib.com/datatables/popover.html]
[gull-laravel.ui-lib.com/datatables/tables.html]
[gull-laravel.ui-lib.com/datatables/datatables.html]
[gull-laravel.ui-lib.com/datatables/modals.html]
[gull-laravel.ui-lib.com/datatables/nouislider.html]
[gull-laravel.ui-lib.com/datatables/tabs.html]
[gull-laravel.ui-lib.com/dashboard/accordion.html]
[gull-laravel.ui-lib.com/dashboard/alerts.html]
[gull-laravel.ui-lib.com/dashboard/buttons.html]
[gull-laravel.ui-lib.com/dashboard/badges.html]
[gull-laravel.ui-lib.com/dashboard/carousel.html]
[gull-laravel.ui-lib.com/dashboard/lists.html]
[gull-laravel.ui-lib.com/dashboard/popover.html]
[gull-laravel.ui-lib.com/dashboard/tables.html]
[gull-laravel.ui-lib.com/dashboard/datatables.html]
[gull-laravel.ui-lib.com/dashboard/modals.html]
[gull-laravel.ui-lib.com/dashboard/nouislider.html]
[gull-laravel.ui-lib.com/dashboard/tabs.html]
[gull-laravel.ui-lib.com/forms/accordion.html]
[gull-laravel.ui-lib.com/forms/alerts.html]
[gull-laravel.ui-lib.com/forms/buttons.html]
[gull-laravel.ui-lib.com/forms/badges.html]
[gull-laravel.ui-lib.com/forms/carousel.html]
[gull-laravel.ui-lib.com/forms/lists.html]
[gull-laravel.ui-lib.com/forms/popover.html]
[gull-laravel.ui-lib.com/forms/tables.html]
[gull-laravel.ui-lib.com/forms/datatables.html]
[gull-laravel.ui-lib.com/forms/modals.html]
[gull-laravel.ui-lib.com/forms/nouislider.html]
[gull-laravel.ui-lib.com/forms/tabs.html]
[gull-laravel.ui-lib.com/assets/styles/vendor/smart.wizard/smart_wizard.min.css]
[gull-laravel.ui-lib.com/assets/styles/vendor/smart.wizard/smart_wizard_theme_arrows.min.css]
[gull-laravel.ui-lib.com/assets/styles/vendor/smart.wizard/smart_wizard_theme_circles.min.css]
[gull-laravel.ui-lib.com/assets/styles/vendor/smart.wizard/smart_wizard_theme_dots.min.css]
[gull-laravel.ui-lib.com/assets/styles/vendor/quill.bubble.css]
[gull-laravel.ui-lib.com/assets/styles/vendor/quill.snow.css]
[gull-laravel.ui-lib.com/assets/styles/vendor/pickadate/classic.css]
[gull-laravel.ui-lib.com/assets/styles/vendor/pickadate/classic.date.css]
[gull-laravel.ui-lib.com/assets/js/vendor/pickadate/picker.js]
[gull-laravel.ui-lib.com/apps/invoice]
[gull-laravel.ui-lib.com/apps/accordion.html]
[gull-laravel.ui-lib.com/apps/alerts.html]
[gull-laravel.ui-lib.com/apps/buttons.html]
[gull-laravel.ui-lib.com/apps/badges.html]
[gull-laravel.ui-lib.com/apps/carousel.html]
[gull-laravel.ui-lib.com/apps/lists.html]
[gull-laravel.ui-lib.com/apps/popover.html]
[gull-laravel.ui-lib.com/apps/tables.html]
[gull-laravel.ui-lib.com/apps/datatables.html]
[gull-laravel.ui-lib.com/apps/modals.html]
[gull-laravel.ui-lib.com/apps/nouislider.html]
[gull-laravel.ui-lib.com/apps/tabs.html]
[gull-laravel.ui-lib.com/assets/styles/vendor/cropper.min.css]
[gull-laravel.ui-lib.com/extrakits/accordion.html]
[gull-laravel.ui-lib.com/extrakits/alerts.html]
[gull-laravel.ui-lib.com/extrakits/buttons.html]
[gull-laravel.ui-lib.com/extrakits/badges.html]
[gull-laravel.ui-lib.com/extrakits/carousel.html]
[gull-laravel.ui-lib.com/extrakits/lists.html]
[gull-laravel.ui-lib.com/extrakits/popover.html]
[gull-laravel.ui-lib.com/extrakits/tables.html]
[gull-laravel.ui-lib.com/extrakits/datatables.html]
[gull-laravel.ui-lib.com/extrakits/modals.html]
[gull-laravel.ui-lib.com/extrakits/nouislider.html]
[gull-laravel.ui-lib.com/extrakits/tabs.html]
[gull-laravel.ui-lib.com/assets/styles/vendor/ladda-themeless.min.css]
[gull-laravel.ui-lib.com/assets/styles/vendor/toastr.css]
[gull-laravel.ui-lib.com/assets/styles/vendor/sweetalert2.min.css]
[gull-laravel.ui-lib.com/assets/js/invoice.script.js]
[gull-laravel.ui-lib.com/assets/js/vendor/pickadate/picker.date.js]
[gull-laravel.ui-lib.com/assets/styles/img/tour/cross.png]
[gull-laravel.ui-lib.com/assets/styles/vendor/hopscotch.css]
[gull-laravel.ui-lib.com/assets/styles/vendor/dropzone.min.css]
[gull-laravel.ui-lib.com/uikits/accordion-2.html]
[gull-laravel.ui-lib.com/uikits/alerts-2.html]
[gull-laravel.ui-lib.com/uikits/buttons-2.html]
[gull-laravel.ui-lib.com/uikits/badges-2.html]
[gull-laravel.ui-lib.com/uikits/carousel-2.html]
[gull-laravel.ui-lib.com/uikits/lists-2.html]
[gull-laravel.ui-lib.com/uikits/popover-2.html]
[gull-laravel.ui-lib.com/uikits/tables-2.html]
[gull-laravel.ui-lib.com/uikits/datatables.html]
[gull-laravel.ui-lib.com/uikits/modals-2.html]
[gull-laravel.ui-lib.com/uikits/nouislider-2.html]
[gull-laravel.ui-lib.com/uikits/tabs-2.html]
[gull-laravel.ui-lib.com/assets/styles/vendor/nuslider.min.css]
[gull-laravel.ui-lib.com/sessions/signin-2.html]
[gull-laravel.ui-lib.com/others/accordion.html]
[gull-laravel.ui-lib.com/others/alerts.html]
[gull-laravel.ui-lib.com/others/buttons.html]
[gull-laravel.ui-lib.com/others/badges.html]
[gull-laravel.ui-lib.com/others/carousel.html]
[gull-laravel.ui-lib.com/others/lists.html]
[gull-laravel.ui-lib.com/others/popover.html]
[gull-laravel.ui-lib.com/others/tables.html]
[gull-laravel.ui-lib.com/others/datatables.html]
[gull-laravel.ui-lib.com/others/modals.html]
[gull-laravel.ui-lib.com/others/nouislider.html]
[gull-laravel.ui-lib.com/others/tabs.html]
[gull-laravel.ui-lib.com/assets/styles/vendor/pickadate/classic.css]
[gull-laravel.ui-lib.com/assets/styles/vendor/pickadate/classic.date.css]
[gull-laravel.ui-lib.com/assets/styles/img/tour/cross.html]
